[NX CLOUD] Verifying current cloud bundle
[NX CLOUD] A local bundle currently exists:  {
  version: '2602.27.8',
  fullPath: 'C:\\Users\\bryto\\Documents\\CooperContinuum\\.nx\\cache\\cloud\\2602.27.8'
}
[NX CLOUD] Last verification was within the past 30 minutes, will not verify this time
[NX CLOUD] Done:  C:\Users\bryto\Documents\CooperContinuum\.nx\cache\cloud\2602.27.8
node.exe : Was not able to require.resolve module 
nx/src/utils/app-root from the following paths: C:\Users\bryt
o\Documents\CooperContinuum\node_modules\nx\node_modules,C:\U
sers\bryto\Documents\CooperContinuum\node_modules. This may 
be expected.
At C:\Program Files\nodejs\npx.ps1:29 char:3
+   & $NODE_EXE $NPX_CLI_JS $args
+   ~~~~~~~~~~~~~~~~~~~~~~~~~~~~~
    + CategoryInfo          : NotSpecified: (Was not able to 
   ...ay be expected.:String) [], RemoteException
    + FullyQualifiedErrorId : NativeCommandError
 
Was not able to require.resolve module nx/src/utils/app-root 
from the following paths: C:\Users\bryto\Documents\CooperCont
inuum\node_modules\nx\node_modules,C:\Users\bryto\Documents\C
ooperContinuum\node_modules. This may be expected.
[Nx Cloud Debug] Skipping foreground heartbeat since CI environment is not detected.

[7m[1m[36m NX [39m[22m[27m  [36mRunning target [1mtest[22m for project @continuum/react and [1m3[22m tasks it depends on:[39m

[2m[36m[39m[22m
[NX CLOUD] Verifying current cloud bundle
[NX CLOUD] A local bundle currently exists:  {
  version: '2602.27.8',
  fullPath: 'C:\\Users\\bryto\\Documents\\CooperContinuum\\.nx\\cache\\cloud\\2602.27.8'
}
[NX CLOUD] Last verification was within the past 30 minutes, will not verify this time
[NX CLOUD] Done:  C:\Users\bryto\Documents\CooperContinuum\.nx\cache\cloud\2602.27.8
[Nx Cloud Debug] Attempting to acquire filesystem lock with path:  C:\Users\bryto\AppData\Local\Temp\client-instance-id.lock
[Nx Cloud Debug] Failed to create folder lock at path: C:\Users\bryto\AppData\Local\Temp\client-instance-id.lock
[Nx Cloud] Unable to detect a VCS context from the environment.

[7m[1m[38;5;214m NX [39m[22m[27m  [38;5;214mRunStart[39m


{
  "branch": null,
  "runGroup": "54e7c532038438370e24a1359449e0a9ff7bf58a",
  "ciExecutionId": null,
  "ciExecutionEnv": "",
  "hashes": [
    "15243641830683931360",
    "10920041124721801811"
  ],
  "machineInfo": {
    "machineId": "F3mtYSIdxQR5Su2LUbf0bA==",
    "platform": "win32",
    "version": "Windows 11 Pro",
    "cpuCores": 32
  },
  "vcsContext": null,
  "clientInstanceSource": "CLOUD_RUNNER",
  "clientInstanceId": "4a6aac79-10b2-48f5-9f66-423f27113d21"
}


[2m> [22m[2mnx run[22m contract:build  [2m[existing outputs match the cache, left as is][22m

[2m> [22mtsc --build tsconfig.lib.json


[2m> [22m[2mnx run[22m runtime:build  [2m[existing outputs match the cache, left as is][22m

[2m> [22mtsc --build tsconfig.lib.json


[2m> [22m[2mnx run[22m @continuum/session:build  [2m[existing outputs match the cache, left as is][22m

[2m> [22mtsc --build tsconfig.lib.json

RunStart duration: 202

[7m[1m[38;5;214m NX [39m[22m[27m  [38;5;214mNx Cloud: Cache miss 15243641830683931360.[39m


[2m> [22m[2mnx run[22m @continuum/react:test

[2m> [22mvitest


[1m[46m RUN [49m[22m [36mv4.0.9 [39m[90mC:/Users/bryto/Documents/CooperContinuum/packages/react[39m

 [32mΓ£ô[39m [30m[43m @continuum/react [49m[39m src/lib/fallback.spec.tsx [2m([22m[2m1 test[22m[2m)[22m[32m 5[2mms[22m[39m
 [31mΓ¥»[39m [30m[43m @continuum/react [49m[39m src/lib/hooks.spec.tsx [2m([22m[2m4 tests[22m[2m | [22m[31m4 failed[39m[2m)[22m[32m 10[2mms[22m[39m
[31m     [31m├ù[31m initially has no suggestions[39m[32m 5[2mms[22m[39m
[31m     [31m├ù[31m detects when suggestions exist[39m[32m 1[2mms[22m[39m
[31m     [31m├ù[31m acceptAll updates values and clears suggestions and sets isDirty[39m[32m 1[2mms[22m[39m
[31m     [31m├ù[31m rejectAll clears suggestions and leaves values intact[39m[32m 1[2mms[22m[39m
 [32mΓ£ô[39m [30m[43m @continuum/react [49m[39m src/lib/persistence.spec.tsx [2m([22m[2m3 tests[22m[2m)[22m[32m 44[2mms[22m[39m
[90mstderr[2m | src/lib/integration.spec.tsx[2m > 
[22m[2mreact integration[2m > [22m[2misolates node 
render errors with per-node boundary
[22m[39mError: boom
    at field (C:/Users/bryto/Documents/CooperContinuum/packag
es/react/src/lib/integration.spec.tsx:218:17)
    at Object.react_stack_bottom_frame (C:\Users\bryto\Docume
nts\CooperContinuum\node_modules\[4mreact-dom[24m\cjs\react
-dom-client.development.js:25904:20)
    at renderWithHooks (C:\Users\bryto\Documents\CooperContin
uum\node_modules\[4mreact-dom[24m\cjs\react-dom-client.deve
lopment.js:7662:22)
    at updateFunctionComponent (C:\Users\bryto\Documents\Coop
erContinuum\node_modules\[4mreact-dom[24m\cjs\react-dom-cli
ent.development.js:10166:19)
    at beginWork (C:\Users\bryto\Documents\CooperContinuum\no
de_modules\[4mreact-dom[24m\cjs\react-dom-client.developmen
t.js:11778:18)
    at runWithFiberInDEV (C:\Users\bryto\Documents\CooperCont
inuum\node_modules\[4mreact-dom[24m\cjs\react-dom-client.de
velopment.js:874:13)
    at performUnitOfWork (C:\Users\bryto\Documents\CooperCont
inuum\node_modules\[4mreact-dom[24m\cjs\react-dom-client.de
velopment.js:17641:22)
    at workLoopSync (C:\Users\bryto\Documents\CooperContinuum
\node_modules\[4mreact-dom[24m\cjs\react-dom-client.develop
ment.js:17469:41)
    at renderRootSync (C:\Users\bryto\Documents\CooperContinu
um\node_modules\[4mreact-dom[24m\cjs\react-dom-client.devel
opment.js:17450:11)
    at performWorkOnRoot (C:\Users\bryto\Documents\CooperCont
inuum\node_modules\[4mreact-dom[24m\cjs\react-dom-client.de
velopment.js:16583:35) {
  [stack]: [36m[Getter/Setter][39m,
  [message]: [32m'boom'[39m
}

The above error occurred in the <field> component.

React will try to recreate this component tree from scratch 
using the error boundary you provided, NodeErrorBoundary.


 [32mΓ£ô[39m [30m[43m @continuum/react [49m[39m src/lib/integration.spec.tsx [2m([22m[2m18 tests[22m[2m)[22m[32m 184[2mms[22m[39m

[31mΓÄ»ΓÄ»ΓÄ»ΓÄ»ΓÄ»ΓÄ»ΓÄ»[39m[1m[41m Failed Tests 4 
[49m[22m[31mΓÄ»ΓÄ»ΓÄ»ΓÄ»ΓÄ»ΓÄ»ΓÄ»[39m

[41m[1m FAIL [22m[49m [30m[43m @continuum/react 
[49m[39m src/lib/hooks.spec.tsx[2m > 
[22museContinuumSuggestions[2m > [22minitially has no 
suggestions
[41m[1m FAIL [22m[49m [30m[43m @continuum/react 
[49m[39m src/lib/hooks.spec.tsx[2m > 
[22museContinuumSuggestions[2m > [22mdetects when 
suggestions exist
[41m[1m FAIL [22m[49m [30m[43m @continuum/react 
[49m[39m src/lib/hooks.spec.tsx[2m > 
[22museContinuumSuggestions[2m > [22macceptAll updates 
values and clears suggestions and sets isDirty
[41m[1m FAIL [22m[49m [30m[43m @continuum/react 
[49m[39m src/lib/hooks.spec.tsx[2m > 
[22museContinuumSuggestions[2m > [22mrejectAll clears 
suggestions and leaves values intact
[31m[1mTypeError[22m: (0 , 
__vite_ssr_import_4__.createContinuumSession) is not a 
function[39m
[36m [2mΓ¥»[22m src/lib/hooks.spec.tsx:[2m11:15[22m[39m
    [90m  9| [39m
    [90m 10| [39m  [34mbeforeEach[39m(() [33m=>[39m {
    [90m 11| [39m    session [33m=[39m 
[34mcreateContinuumSession[39m({
    [90m   | [39m              [31m^[39m
    [90m 12| [39m      validateOnUpdate[33m:[39m 
[35mfalse[39m
    [90m 13| [39m    })[33m;[39m

[31m[2mΓÄ»ΓÄ»ΓÄ»ΓÄ»ΓÄ»ΓÄ»ΓÄ»ΓÄ»ΓÄ»ΓÄ»ΓÄ»ΓÄ»ΓÄ»ΓÄ»ΓÄ»ΓÄ»ΓÄ»Γ
Ä»ΓÄ»ΓÄ»ΓÄ»ΓÄ»ΓÄ»ΓÄ»[1/4]ΓÄ»[22m[39m


[2m Test Files [22m [1m[31m1 failed[39m[22m[2m | [22m[1m[32m3 passed[39m[22m[90m (4)[39m
[2m      Tests [22m [1m[31m4 failed[39m[22m[2m | [22m[1m[32m22 passed[39m[22m[90m (26)[39m
[2m   Start at [22m 11:44:13
[2m   Duration [22m 2.44s[2m (transform 1.11s, setup 0ms, collect 1.92s, tests 243ms, environment 5.45s, prepare 109ms)[22m


[2m[31m[39m[22m

[7m[1m[31m NX [39m[22m[27m  [31mRunning target [1mtest[22m for project @continuum/react and [1m3[22m tasks it depends on failed[39m

[2mFailed tasks:[22m

[2m-[22m @continuum/react:test

[2mHint: run the command with[22m --verbose [2mfor more details.[22m


[7m[1m[38;5;214m NX [39m[22m[27m  [38;5;214mStoring terminal outputs for @continuum/react:test with hash 15243641830683931360[39m

[2mView structured, searchable error logs at https://nx.app/runs/enw6WOlBKp[22m

Warning: command "vitest" exited with non-zero status code
